Archive member included to satisfy reference by file (symbol)

lib/Debug/libsystem_config.a(init.o)
                              (Entry)
lib/Debug/libsystem_config.a(startup.o)
                              lib/Debug/libsystem_config.a(init.o) (start_boot)
lib/Debug/libsystem_config.a(cp15.o)
                              lib/Debug/libsystem_config.a(startup.o) (CP15VectorBaseAddrSet)
lib/Debug/libsystem_config.a(exceptionhandler.o)
                              lib/Debug/libsystem_config.a(startup.o) (IRQHandler)
lib/Debug/libsystem_config.a(interrupt.o)
                              lib/Debug/libsystem_config.a(exceptionhandler.o) (fnRAMVectors)
lib/Debug/libsystem_config.a(cpu.o)
                              lib/Debug/libsystem_config.a(exceptionhandler.o) (CPUAbortHandler)
/usr/lib/gcc/arm-none-eabi/4.9.3//libgcc.a(_udivsi3.o)
                              (__aeabi_uidiv)
/usr/lib/gcc/arm-none-eabi/4.9.3//libgcc.a(_divsi3.o)
                              (__aeabi_idiv)
/usr/lib/gcc/arm-none-eabi/4.9.3//libgcc.a(_dvmd_tls.o)
                              /usr/lib/gcc/arm-none-eabi/4.9.3//libgcc.a(_udivsi3.o) (__aeabi_idiv0)

Allocating common symbols
Common symbol       size              file

moduleClk           0x1               Debug/gpioClk.o
fnRAMVectors        0x200             lib/Debug/libsystem_config.a(interrupt.o)
pin                 0x1               Debug/gpioClk.o

Discarded input sections

 .text          0x0000000000000000        0x0 Debug/gpioClk.o
 .data          0x0000000000000000        0x0 Debug/gpioClk.o
 .bss           0x0000000000000000        0x0 Debug/gpioClk.o
 COMMON         0x0000000000000000        0x2 Debug/gpioClk.o
 .text          0x0000000000000000        0x0 Debug/gpioFunctions.o
 .data          0x0000000000000000        0x0 Debug/gpioFunctions.o
 .bss           0x0000000000000000        0x0 Debug/gpioFunctions.o
 .text          0x0000000000000000        0x0 Debug/gpioLED.o
 .data          0x0000000000000000        0x0 Debug/gpioLED.o
 .bss           0x0000000000000000        0x0 Debug/gpioLED.o
 .bss.flagToggle
                0x0000000000000000        0x4 Debug/gpioLED.o
 .text.GPIOPinMuxSetup0
                0x0000000000000000       0x70 Debug/gpioLED.o
 .text.GPIOPinWrite
                0x0000000000000000       0x6c Debug/gpioLED.o
 .text.ledToggle
                0x0000000000000000      0x12c Debug/gpioLED.o
 .text          0x0000000000000000        0x0 Debug/gpioPinSelect.o
 .data          0x0000000000000000        0x0 Debug/gpioPinSelect.o
 .bss           0x0000000000000000        0x0 Debug/gpioPinSelect.o
 .text          0x0000000000000000        0x0 Debug/gpioRobert.o
 .data          0x0000000000000000        0x0 Debug/gpioRobert.o
 .bss           0x0000000000000000        0x0 Debug/gpioRobert.o
 .data          0x0000000000000000        0x0 lib/Debug/libsystem_config.a(init.o)
 .bss           0x0000000000000000        0x0 lib/Debug/libsystem_config.a(init.o)
 .text          0x0000000000000000        0x0 lib/Debug/libsystem_config.a(startup.o)
 .data          0x0000000000000000        0x0 lib/Debug/libsystem_config.a(startup.o)
 .bss           0x0000000000000000        0x0 lib/Debug/libsystem_config.a(startup.o)
 .rodata.AM335X_VECTOR_BASE
                0x0000000000000000        0x4 lib/Debug/libsystem_config.a(startup.o)
 .data          0x0000000000000000        0x0 lib/Debug/libsystem_config.a(cp15.o)
 .bss           0x0000000000000000        0x0 lib/Debug/libsystem_config.a(cp15.o)
 .data          0x0000000000000000        0x0 lib/Debug/libsystem_config.a(exceptionhandler.o)
 .bss           0x0000000000000000        0x0 lib/Debug/libsystem_config.a(exceptionhandler.o)
 .text          0x0000000000000000        0x0 lib/Debug/libsystem_config.a(interrupt.o)
 .data          0x0000000000000000        0x0 lib/Debug/libsystem_config.a(interrupt.o)
 .bss           0x0000000000000000        0x0 lib/Debug/libsystem_config.a(interrupt.o)
 .text.IntDefaultHandler
                0x0000000000000000       0x18 lib/Debug/libsystem_config.a(interrupt.o)
 .text.IntRegister
                0x0000000000000000       0x38 lib/Debug/libsystem_config.a(interrupt.o)
 .text.IntUnRegister
                0x0000000000000000       0x38 lib/Debug/libsystem_config.a(interrupt.o)
 .text.IntAINTCInit
                0x0000000000000000       0x94 lib/Debug/libsystem_config.a(interrupt.o)
 .text.IntPrioritySet
                0x0000000000000000       0x58 lib/Debug/libsystem_config.a(interrupt.o)
 .text.IntSystemEnable
                0x0000000000000000       0x54 lib/Debug/libsystem_config.a(interrupt.o)
 .text.IntSystemDisable
                0x0000000000000000       0x54 lib/Debug/libsystem_config.a(interrupt.o)
 .text.IntIfClkFreeRunSet
                0x0000000000000000       0x34 lib/Debug/libsystem_config.a(interrupt.o)
 .text.IntIfClkAutoGateSet
                0x0000000000000000       0x34 lib/Debug/libsystem_config.a(interrupt.o)
 .text.IntActiveIrqNumGet
                0x0000000000000000       0x28 lib/Debug/libsystem_config.a(interrupt.o)
 .text.IntSpurIrqFlagGet
                0x0000000000000000       0x2c lib/Debug/libsystem_config.a(interrupt.o)
 .text.IntProtectionEnable
                0x0000000000000000       0x28 lib/Debug/libsystem_config.a(interrupt.o)
 .text.IntProtectionDisable
                0x0000000000000000       0x34 lib/Debug/libsystem_config.a(interrupt.o)
 .text.IntSyncClkFreeRunSet
                0x0000000000000000       0x34 lib/Debug/libsystem_config.a(interrupt.o)
 .text.IntSyncClkAutoGateSet
                0x0000000000000000       0x34 lib/Debug/libsystem_config.a(interrupt.o)
 .text.IntFuncClkFreeRunSet
                0x0000000000000000       0x34 lib/Debug/libsystem_config.a(interrupt.o)
 .text.IntFuncClkAutoGateSet
                0x0000000000000000       0x34 lib/Debug/libsystem_config.a(interrupt.o)
 .text.IntCurrIrqPriorityGet
                0x0000000000000000       0x28 lib/Debug/libsystem_config.a(interrupt.o)
 .text.IntPriorityThresholdGet
                0x0000000000000000       0x28 lib/Debug/libsystem_config.a(interrupt.o)
 .text.IntPriorityThresholdSet
                0x0000000000000000       0x34 lib/Debug/libsystem_config.a(interrupt.o)
 .text.IntRawStatusGet
                0x0000000000000000       0x5c lib/Debug/libsystem_config.a(interrupt.o)
 .text.IntSoftwareIntSet
                0x0000000000000000       0x50 lib/Debug/libsystem_config.a(interrupt.o)
 .text.IntSoftwareIntClear
                0x0000000000000000       0x50 lib/Debug/libsystem_config.a(interrupt.o)
 .text.IntPendingIrqMaskedStatusGet
                0x0000000000000000       0x58 lib/Debug/libsystem_config.a(interrupt.o)
 .text.IntMasterIRQEnable
                0x0000000000000000       0x1c lib/Debug/libsystem_config.a(interrupt.o)
 .text.IntMasterIRQDisable
                0x0000000000000000       0x1c lib/Debug/libsystem_config.a(interrupt.o)
 .text.IntMasterFIQEnable
                0x0000000000000000       0x1c lib/Debug/libsystem_config.a(interrupt.o)
 .text.IntMasterFIQDisable
                0x0000000000000000       0x1c lib/Debug/libsystem_config.a(interrupt.o)
 .text.IntMasterStatusGet
                0x0000000000000000       0x20 lib/Debug/libsystem_config.a(interrupt.o)
 .text.IntDisable
                0x0000000000000000       0x3c lib/Debug/libsystem_config.a(interrupt.o)
 .text.IntEnable
                0x0000000000000000       0x38 lib/Debug/libsystem_config.a(interrupt.o)
 .text          0x0000000000000000        0x0 lib/Debug/libsystem_config.a(cpu.o)
 .data          0x0000000000000000        0x0 lib/Debug/libsystem_config.a(cpu.o)
 .bss           0x0000000000000000        0x0 lib/Debug/libsystem_config.a(cpu.o)
 .text.CPUSwitchToPrivilegedMode
                0x0000000000000000       0x1c lib/Debug/libsystem_config.a(cpu.o)
 .text.CPUSwitchToUserMode
                0x0000000000000000       0x28 lib/Debug/libsystem_config.a(cpu.o)
 .text.CPUAbortHandler
                0x0000000000000000       0x18 lib/Debug/libsystem_config.a(cpu.o)
 .text.CPUIntStatus
                0x0000000000000000       0x2c lib/Debug/libsystem_config.a(cpu.o)
 .text.CPUirqd  0x0000000000000000       0x28 lib/Debug/libsystem_config.a(cpu.o)
 .text.CPUirqe  0x0000000000000000       0x28 lib/Debug/libsystem_config.a(cpu.o)
 .text.CPUfiqd  0x0000000000000000       0x28 lib/Debug/libsystem_config.a(cpu.o)
 .text.CPUfiqe  0x0000000000000000       0x28 lib/Debug/libsystem_config.a(cpu.o)
 .debug_info    0x0000000000000000       0xcc lib/Debug/libsystem_config.a(cpu.o)
 .debug_abbrev  0x0000000000000000       0x62 lib/Debug/libsystem_config.a(cpu.o)
 .debug_aranges
                0x0000000000000000       0x58 lib/Debug/libsystem_config.a(cpu.o)
 .debug_ranges  0x0000000000000000       0x48 lib/Debug/libsystem_config.a(cpu.o)
 .debug_line    0x0000000000000000       0xd8 lib/Debug/libsystem_config.a(cpu.o)
 .debug_str     0x0000000000000000      0x1ce lib/Debug/libsystem_config.a(cpu.o)
 .comment       0x0000000000000000       0x6f lib/Debug/libsystem_config.a(cpu.o)
 .debug_frame   0x0000000000000000      0x110 lib/Debug/libsystem_config.a(cpu.o)
 .ARM.attributes
                0x0000000000000000       0x3b lib/Debug/libsystem_config.a(cpu.o)
 .data          0x0000000000000000        0x0 /usr/lib/gcc/arm-none-eabi/4.9.3//libgcc.a(_udivsi3.o)
 .bss           0x0000000000000000        0x0 /usr/lib/gcc/arm-none-eabi/4.9.3//libgcc.a(_udivsi3.o)
 .data          0x0000000000000000        0x0 /usr/lib/gcc/arm-none-eabi/4.9.3//libgcc.a(_divsi3.o)
 .bss           0x0000000000000000        0x0 /usr/lib/gcc/arm-none-eabi/4.9.3//libgcc.a(_divsi3.o)
 .data          0x0000000000000000        0x0 /usr/lib/gcc/arm-none-eabi/4.9.3//libgcc.a(_dvmd_tls.o)
 .bss           0x0000000000000000        0x0 /usr/lib/gcc/arm-none-eabi/4.9.3//libgcc.a(_dvmd_tls.o)

Memory Configuration

Name             Origin             Length             Attributes
DDR0             0x0000000080000000 0x0000000010000000
*default*        0x0000000000000000 0xffffffffffffffff

Linker script and memory map

LOAD Debug/gpioClk.o
LOAD Debug/gpioFunctions.o
LOAD Debug/gpioLED.o
LOAD Debug/gpioPinSelect.o
LOAD Debug/gpioRobert.o
LOAD lib/Debug/libsystem_config.a
LOAD /usr/lib/arm-none-eabi/lib//libc.a
LOAD /usr/lib/gcc/arm-none-eabi/4.9.3//libgcc.a
LOAD lib/Debug/libsystem_config.a

.startcode      0x0000000080000000       0xb4
                0x0000000080000000                . = ALIGN (0x4)
 *init.o(.text)
 .text          0x0000000080000000       0xb4 lib/Debug/libsystem_config.a(init.o)
                0x0000000080000000                Entry

.text           0x00000000800000b4     0x1ca0
                0x00000000800000b4                . = ALIGN (0x4)
 *(.text*)
 .text.GPIO3_ModuleClkConfig
                0x00000000800000b4       0x4c Debug/gpioClk.o
                0x00000000800000b4                GPIO3_ModuleClkConfig
 .text.GPIO2_ModuleClkConfig
                0x0000000080000100       0x4c Debug/gpioClk.o
                0x0000000080000100                GPIO2_ModuleClkConfig
 .text.GPIO1_ModuleClkConfig
                0x000000008000014c       0x4c Debug/gpioClk.o
                0x000000008000014c                GPIO1_ModuleClkConfig
 .text.GPIO0_ModuleClkConfig
                0x0000000080000198       0x4c Debug/gpioClk.o
                0x0000000080000198                GPIO0_ModuleClkConfig
 .text.gpioModuleClk
                0x00000000800001e4       0x78 Debug/gpioClk.o
                0x00000000800001e4                gpioModuleClk
 .text.ledInit  0x000000008000025c      0x1c8 Debug/gpioFunctions.o
                0x000000008000025c                ledInit
 .text.modulo0  0x0000000080000424      0x258 Debug/gpioFunctions.o
                0x0000000080000424                modulo0
 .text.modulo1  0x000000008000067c      0x168 Debug/gpioFunctions.o
                0x000000008000067c                modulo1
 .text.modulo2  0x00000000800007e4      0x13c Debug/gpioFunctions.o
                0x00000000800007e4                modulo2
 .text.modulo3  0x0000000080000920      0x100 Debug/gpioFunctions.o
                0x0000000080000920                modulo3
 .text.GPIOPinMuxSetup
                0x0000000080000a20       0x38 Debug/gpioLED.o
                0x0000000080000a20                GPIOPinMuxSetup
 .text.GPIOModuleEnable
                0x0000000080000a58       0x3c Debug/gpioLED.o
                0x0000000080000a58                GPIOModuleEnable
 .text.GPIOModuleReset
                0x0000000080000a94       0x3c Debug/gpioLED.o
                0x0000000080000a94                GPIOModuleReset
 .text.GPIODirModeSet
                0x0000000080000ad0       0x90 Debug/gpioLED.o
                0x0000000080000ad0                GPIODirModeSet
 .text.selectUART
                0x0000000080000b60      0x10c Debug/gpioPinSelect.o
                0x0000000080000b60                selectUART
 .text.selectCSN
                0x0000000080000c6c       0x7c Debug/gpioPinSelect.o
                0x0000000080000c6c                selectCSN
 .text.selectMII
                0x0000000080000ce8       0xc0 Debug/gpioPinSelect.o
                0x0000000080000ce8                selectMII
 .text.selectXDMA
                0x0000000080000da8       0x60 Debug/gpioPinSelect.o
                0x0000000080000da8                selectXDMA
 .text.selectMDIO
                0x0000000080000e08       0x60 Debug/gpioPinSelect.o
                0x0000000080000e08                selectMDIO
 .text.selectSPI0
                0x0000000080000e68       0xb8 Debug/gpioPinSelect.o
                0x0000000080000e68                selectSPI0
 .text.selectGPMC
                0x0000000080000f20       0xd0 Debug/gpioPinSelect.o
                0x0000000080000f20                selectGPMC
 .text.selectMII1RXD
                0x0000000080000ff0       0x9c Debug/gpioPinSelect.o
                0x0000000080000ff0                selectMII1RXD
 .text.selectLCD
                0x000000008000108c       0x9c Debug/gpioPinSelect.o
                0x000000008000108c                selectLCD
 .text.selectMMC0
                0x0000000080001128       0xd4 Debug/gpioPinSelect.o
                0x0000000080001128                selectMMC0
 .text.selectMII1
                0x00000000800011fc       0xfc Debug/gpioPinSelect.o
                0x00000000800011fc                selectMII1
 .text.selectI2C0
                0x00000000800012f8       0x60 Debug/gpioPinSelect.o
                0x00000000800012f8                selectI2C0
 .text.selectMCASPO
                0x0000000080001358      0x10c Debug/gpioPinSelect.o
                0x0000000080001358                selectMCASPO
 .text.main     0x0000000080001464       0x28 Debug/gpioRobert.o
                0x0000000080001464                main
 .text.start_boot
                0x000000008000148c       0x24 lib/Debug/libsystem_config.a(startup.o)
                0x000000008000148c                start_boot
 .text.CopyVectorTable
                0x00000000800014b0       0x94 lib/Debug/libsystem_config.a(startup.o)
 .text          0x0000000080001544      0x488 lib/Debug/libsystem_config.a(cp15.o)
                0x0000000080001544                CP15ICacheDisable
                0x0000000080001560                CP15DCacheDisable
                0x000000008000157c                CP15ICacheEnable
                0x000000008000158c                CP15DCacheEnable
                0x000000008000159c                CP15DCacheFlush
                0x0000000080001630                CP15DCacheClean
                0x00000000800016c4                CP15DCacheCleanFlush
                0x0000000080001758                CP15ICacheFlush
                0x0000000080001768                CP15DCacheCleanBuff
                0x00000000800017bc                CP15DCacheCleanFlushBuff
                0x0000000080001810                CP15DCacheFlushBuff
                0x0000000080001874                CP15ICacheFlushBuff
                0x00000000800018c8                CP15Ttb0Set
                0x00000000800018d4                CP15TlbInvalidate
                0x00000000800018e0                CP15MMUDisable
                0x00000000800018f8                CP15MMUEnable
                0x000000008000190c                CP15VectorBaseAddrSet
                0x0000000080001918                CP15BranchPredictorInvalidate
                0x0000000080001924                CP15BranchPredictionEnable
                0x0000000080001934                CP15BranchPredictionDisable
                0x0000000080001944                CP15DomainAccessClientSet
                0x0000000080001954                CP15ControlFeatureDisable
                0x0000000080001968                CP15ControlFeatureEnable
                0x000000008000197c                CP15TtbCtlTtb0Config
                0x000000008000198c                CP15AuxControlFeatureEnable
                0x00000000800019a0                CP15AuxControlFeatureDisable
                0x00000000800019b4                CP15MainIdPrimPartNumGet
 .text          0x00000000800019cc       0xf0 lib/Debug/libsystem_config.a(exceptionhandler.o)
                0x00000000800019cc                SVC_Handler
                0x00000000800019f4                IRQHandler
                0x0000000080001aa0                FIQHandler
                0x0000000080001aa4                UndefInstHandler
                0x0000000080001aa4                AbortHandler
 .text          0x0000000080001abc      0x114 /usr/lib/gcc/arm-none-eabi/4.9.3//libgcc.a(_udivsi3.o)
                0x0000000080001abc                __udivsi3
                0x0000000080001abc                __aeabi_uidiv
                0x0000000080001bb0                __aeabi_uidivmod
 .text          0x0000000080001bd0      0x148 /usr/lib/gcc/arm-none-eabi/4.9.3//libgcc.a(_divsi3.o)
                0x0000000080001bd0                __aeabi_idiv
                0x0000000080001bd0                __divsi3
                0x0000000080001cf8                __aeabi_idivmod
 .text          0x0000000080001d18        0x4 /usr/lib/gcc/arm-none-eabi/4.9.3//libgcc.a(_dvmd_tls.o)
                0x0000000080001d18                __aeabi_ldiv0
                0x0000000080001d18                __aeabi_idiv0
 *(.rodata*)
 .rodata.vecTbl
                0x0000000080001d1c       0x38 lib/Debug/libsystem_config.a(startup.o)

.glue_7         0x0000000080001d54        0x0
 .glue_7        0x0000000080001d54        0x0 linker stubs

.glue_7t        0x0000000080001d54        0x0
 .glue_7t       0x0000000080001d54        0x0 linker stubs

.vfp11_veneer   0x0000000080001d54        0x0
 .vfp11_veneer  0x0000000080001d54        0x0 linker stubs

.v4_bx          0x0000000080001d54        0x0
 .v4_bx         0x0000000080001d54        0x0 linker stubs

.iplt           0x0000000080001d54        0x0
 .iplt          0x0000000080001d54        0x0 Debug/gpioClk.o

.rel.dyn        0x0000000080001d54        0x0
 .rel.iplt      0x0000000080001d54        0x0 Debug/gpioClk.o

.data           0x0000000080001d54        0x0
                0x0000000080001d54                . = ALIGN (0x4)
 *(.data*)

.igot.plt       0x0000000080001d54        0x0
 .igot.plt      0x0000000080001d54        0x0 Debug/gpioClk.o

.bss            0x0000000080001d54      0x200
                0x0000000080001d54                . = ALIGN (0x4)
                0x0000000080001d54                _bss_start = .
 *(.bss*)
 *(COMMON)
 COMMON         0x0000000080001d54      0x200 lib/Debug/libsystem_config.a(interrupt.o)
                0x0000000080001d54                fnRAMVectors
                0x0000000080001f54                _bss_end = .

.heap           0x0000000080001f54      0x800
                0x0000000080001f54                . = ALIGN (0x4)
                0x0000000080001f54                __end__ = .
                0x0000000080001f54                end = __end__
                0x0000000080001f54                __HeapBase = __end__
 *(.heap*)
                0x0000000080002754                . = (. + 0x800)
 *fill*         0x0000000080001f54      0x800 
                0x0000000080002754                __HeapLimit = .

.stack          0x0000000080002754  0x7fffff8
                0x0000000080002754                . = ALIGN (0x4)
                0x0000000080002754                __StackLimit = .
 *(.stack*)
                0x000000008800274c                . = (. + 0x7fffff8)
 *fill*         0x0000000080002754  0x7fffff8 
                0x000000008800274c                __StackTop = .
                0x000000008800274c                _stack = __StackTop
OUTPUT(Debug/gpioRobert.out elf32-littlearm)

.debug_info     0x0000000000000000     0x13f9
 .debug_info    0x0000000000000000      0x1be Debug/gpioClk.o
 .debug_info    0x00000000000001be      0x242 Debug/gpioFunctions.o
 .debug_info    0x0000000000000400      0x2c5 Debug/gpioLED.o
 .debug_info    0x00000000000006c5      0x32e Debug/gpioPinSelect.o
 .debug_info    0x00000000000009f3      0x16b Debug/gpioRobert.o
 .debug_info    0x0000000000000b5e       0x9f lib/Debug/libsystem_config.a(init.o)
 .debug_info    0x0000000000000bfd       0xd2 lib/Debug/libsystem_config.a(startup.o)
 .debug_info    0x0000000000000ccf       0x9f lib/Debug/libsystem_config.a(cp15.o)
 .debug_info    0x0000000000000d6e       0xb2 lib/Debug/libsystem_config.a(exceptionhandler.o)
 .debug_info    0x0000000000000e20      0x3cf lib/Debug/libsystem_config.a(interrupt.o)
 .debug_info    0x00000000000011ef       0xae /usr/lib/gcc/arm-none-eabi/4.9.3//libgcc.a(_udivsi3.o)
 .debug_info    0x000000000000129d       0xae /usr/lib/gcc/arm-none-eabi/4.9.3//libgcc.a(_divsi3.o)
 .debug_info    0x000000000000134b       0xae /usr/lib/gcc/arm-none-eabi/4.9.3//libgcc.a(_dvmd_tls.o)

.debug_abbrev   0x0000000000000000      0x63f
 .debug_abbrev  0x0000000000000000       0xb4 Debug/gpioClk.o
 .debug_abbrev  0x00000000000000b4       0xab Debug/gpioFunctions.o
 .debug_abbrev  0x000000000000015f       0xb6 Debug/gpioLED.o
 .debug_abbrev  0x0000000000000215       0xc5 Debug/gpioPinSelect.o
 .debug_abbrev  0x00000000000002da       0x8b Debug/gpioRobert.o
 .debug_abbrev  0x0000000000000365       0x14 lib/Debug/libsystem_config.a(init.o)
 .debug_abbrev  0x0000000000000379       0xa2 lib/Debug/libsystem_config.a(startup.o)
 .debug_abbrev  0x000000000000041b       0x14 lib/Debug/libsystem_config.a(cp15.o)
 .debug_abbrev  0x000000000000042f       0x14 lib/Debug/libsystem_config.a(exceptionhandler.o)
 .debug_abbrev  0x0000000000000443      0x1c0 lib/Debug/libsystem_config.a(interrupt.o)
 .debug_abbrev  0x0000000000000603       0x14 /usr/lib/gcc/arm-none-eabi/4.9.3//libgcc.a(_udivsi3.o)
 .debug_abbrev  0x0000000000000617       0x14 /usr/lib/gcc/arm-none-eabi/4.9.3//libgcc.a(_divsi3.o)
 .debug_abbrev  0x000000000000062b       0x14 /usr/lib/gcc/arm-none-eabi/4.9.3//libgcc.a(_dvmd_tls.o)

.debug_aranges  0x0000000000000000      0x368
 .debug_aranges
                0x0000000000000000       0x40 Debug/gpioClk.o
 .debug_aranges
                0x0000000000000040       0x40 Debug/gpioFunctions.o
 .debug_aranges
                0x0000000000000080       0x50 Debug/gpioLED.o
 .debug_aranges
                0x00000000000000d0       0x80 Debug/gpioPinSelect.o
 .debug_aranges
                0x0000000000000150       0x20 Debug/gpioRobert.o
 .debug_aranges
                0x0000000000000170       0x20 lib/Debug/libsystem_config.a(init.o)
 .debug_aranges
                0x0000000000000190       0x28 lib/Debug/libsystem_config.a(startup.o)
 .debug_aranges
                0x00000000000001b8       0x20 lib/Debug/libsystem_config.a(cp15.o)
 .debug_aranges
                0x00000000000001d8       0x20 lib/Debug/libsystem_config.a(exceptionhandler.o)
 .debug_aranges
                0x00000000000001f8      0x110 lib/Debug/libsystem_config.a(interrupt.o)
 .debug_aranges
                0x0000000000000308       0x20 /usr/lib/gcc/arm-none-eabi/4.9.3//libgcc.a(_udivsi3.o)
 .debug_aranges
                0x0000000000000328       0x20 /usr/lib/gcc/arm-none-eabi/4.9.3//libgcc.a(_divsi3.o)
 .debug_aranges
                0x0000000000000348       0x20 /usr/lib/gcc/arm-none-eabi/4.9.3//libgcc.a(_dvmd_tls.o)

.debug_ranges   0x0000000000000000      0x238
 .debug_ranges  0x0000000000000000       0x30 Debug/gpioClk.o
 .debug_ranges  0x0000000000000030       0x30 Debug/gpioFunctions.o
 .debug_ranges  0x0000000000000060       0x40 Debug/gpioLED.o
 .debug_ranges  0x00000000000000a0       0x70 Debug/gpioPinSelect.o
 .debug_ranges  0x0000000000000110       0x10 Debug/gpioRobert.o
 .debug_ranges  0x0000000000000120       0x18 lib/Debug/libsystem_config.a(startup.o)
 .debug_ranges  0x0000000000000138      0x100 lib/Debug/libsystem_config.a(interrupt.o)

.debug_line     0x0000000000000000      0xc8d
 .debug_line    0x0000000000000000       0xa0 Debug/gpioClk.o
 .debug_line    0x00000000000000a0      0x177 Debug/gpioFunctions.o
 .debug_line    0x0000000000000217      0x110 Debug/gpioLED.o
 .debug_line    0x0000000000000327      0x1b0 Debug/gpioPinSelect.o
 .debug_line    0x00000000000004d7       0x54 Debug/gpioRobert.o
 .debug_line    0x000000000000052b       0x8d lib/Debug/libsystem_config.a(init.o)
 .debug_line    0x00000000000005b8       0x90 lib/Debug/libsystem_config.a(startup.o)
 .debug_line    0x0000000000000648      0x184 lib/Debug/libsystem_config.a(cp15.o)
 .debug_line    0x00000000000007cc       0xb3 lib/Debug/libsystem_config.a(exceptionhandler.o)
 .debug_line    0x000000000000087f      0x2b7 lib/Debug/libsystem_config.a(interrupt.o)
 .debug_line    0x0000000000000b36       0x78 /usr/lib/gcc/arm-none-eabi/4.9.3//libgcc.a(_udivsi3.o)
 .debug_line    0x0000000000000bae       0x84 /usr/lib/gcc/arm-none-eabi/4.9.3//libgcc.a(_divsi3.o)
 .debug_line    0x0000000000000c32       0x5b /usr/lib/gcc/arm-none-eabi/4.9.3//libgcc.a(_dvmd_tls.o)

.debug_str      0x0000000000000000      0x8c8
 .debug_str     0x0000000000000000      0x2ac Debug/gpioClk.o
 .debug_str     0x00000000000002ac       0x4d Debug/gpioFunctions.o
                                        0x285 (size before relaxing)
 .debug_str     0x00000000000002f9       0xc1 Debug/gpioLED.o
                                        0x30a (size before relaxing)
 .debug_str     0x00000000000003ba       0xa5 Debug/gpioPinSelect.o
                                        0x2e3 (size before relaxing)
 .debug_str     0x000000000000045f       0x16 Debug/gpioRobert.o
                                        0x24e (size before relaxing)
 .debug_str     0x0000000000000475      0x198 lib/Debug/libsystem_config.a(startup.o)
                                        0x1bc (size before relaxing)
 .debug_str     0x000000000000060d      0x2bb lib/Debug/libsystem_config.a(interrupt.o)
                                        0x407 (size before relaxing)

.comment        0x0000000000000000       0xa6
 .comment       0x0000000000000000       0x38 Debug/gpioClk.o
                                         0x39 (size before relaxing)
 .comment       0x0000000000000038       0x39 Debug/gpioFunctions.o
 .comment       0x0000000000000038       0x39 Debug/gpioLED.o
 .comment       0x0000000000000038       0x39 Debug/gpioPinSelect.o
 .comment       0x0000000000000038       0x39 Debug/gpioRobert.o
 .comment       0x0000000000000038       0x6e lib/Debug/libsystem_config.a(startup.o)
                                         0x6f (size before relaxing)
 .comment       0x00000000000000a6       0x6f lib/Debug/libsystem_config.a(interrupt.o)

.ARM.attributes
                0x0000000000000000       0x39
 .ARM.attributes
                0x0000000000000000       0x37 Debug/gpioClk.o
 .ARM.attributes
                0x0000000000000037       0x37 Debug/gpioFunctions.o
 .ARM.attributes
                0x000000000000006e       0x37 Debug/gpioLED.o
 .ARM.attributes
                0x00000000000000a5       0x37 Debug/gpioPinSelect.o
 .ARM.attributes
                0x00000000000000dc       0x37 Debug/gpioRobert.o
 .ARM.attributes
                0x0000000000000113       0x29 lib/Debug/libsystem_config.a(init.o)
 .ARM.attributes
                0x000000000000013c       0x3b lib/Debug/libsystem_config.a(startup.o)
 .ARM.attributes
                0x0000000000000177       0x29 lib/Debug/libsystem_config.a(cp15.o)
 .ARM.attributes
                0x00000000000001a0       0x29 lib/Debug/libsystem_config.a(exceptionhandler.o)
 .ARM.attributes
                0x00000000000001c9       0x3b lib/Debug/libsystem_config.a(interrupt.o)
 .ARM.attributes
                0x0000000000000204       0x18 /usr/lib/gcc/arm-none-eabi/4.9.3//libgcc.a(_udivsi3.o)
 .ARM.attributes
                0x000000000000021c       0x18 /usr/lib/gcc/arm-none-eabi/4.9.3//libgcc.a(_divsi3.o)
 .ARM.attributes
                0x0000000000000234       0x18 /usr/lib/gcc/arm-none-eabi/4.9.3//libgcc.a(_dvmd_tls.o)

.debug_frame    0x0000000000000000      0x898
 .debug_frame   0x0000000000000000       0xb0 Debug/gpioClk.o
 .debug_frame   0x00000000000000b0       0xb4 Debug/gpioFunctions.o
 .debug_frame   0x0000000000000164       0xf0 Debug/gpioLED.o
 .debug_frame   0x0000000000000254      0x1b0 Debug/gpioPinSelect.o
 .debug_frame   0x0000000000000404       0x2c Debug/gpioRobert.o
 .debug_frame   0x0000000000000430       0x4c lib/Debug/libsystem_config.a(startup.o)
 .debug_frame   0x000000000000047c      0x3dc lib/Debug/libsystem_config.a(interrupt.o)
 .debug_frame   0x0000000000000858       0x20 /usr/lib/gcc/arm-none-eabi/4.9.3//libgcc.a(_udivsi3.o)
 .debug_frame   0x0000000000000878       0x20 /usr/lib/gcc/arm-none-eabi/4.9.3//libgcc.a(_divsi3.o)
